#DATE :: Пн 15 июн 2026 00:59:04 +07
#SGN :: . /home/st/edu_clng/.d/.osdn/ora_c.pts/.frm.14.v2/gig_dr.sh /home/st/edu_clng/.d/.osdn/ora_c.pts/001_args/003_arg_is_int_v2 003_arg_is_int_v2.c 
#DATE :: Пн 15 июн 2026 01:09:00 +07
#SGN :: . /home/st/edu_clng/.d/.osdn/ora_c.pts/.frm.14.v2/gig_dr.sh /home/st/edu_clng/.d/.osdn/ora_c.pts/001_args/001_first_arg 001_first_arg.c 
#DATE :: Пн 15 июн 2026 18:34:24 +07
#SGN :: . /home/st/edu_clng/.d/.osdn/ora_c.pts/.frm.14.v2/gig_dr.sh /home/st/edu_clng/.d/.osdn/ora_c.pts/002_str2dig/001_atoi 001_atoi.c 
#DATE :: Вт 16 июн 2026 18:41:41 +07
#SGN :: . /home/st/edu_clng/.d/.osdn/ora_c.pts/.frm.14.v2/gig_dr.sh /home/st/edu_clng/.d/.osdn/ora_c.pts/002_str2dig/002_c2n 002_c2n.c 
#DATE :: Сб 20 июн 2026 11:51:10 +07
#SGN :: . /home/st/edu_clng/.d/.osdn/ora_c.pts/.frm.14.v2/gig_dr.sh /home/st/edu_clng/.d/.osdn/ora_c.pts/003_str2spcu/001_s_cBc 001_s_cBc.c 
#DATE :: Сб 20 июн 2026 13:20:10 +07
#SGN :: . /home/st/edu_clng/.d/.osdn/ora_c.pts/.frm.14.v2/gig_dr.sh /home/st/edu_clng/.d/.osdn/ora_c.pts/004_int2bit/001_i_bBb 001_i_bBb.c 
#DATE :: Сб 20 июн 2026 14:03:44 +07
#SGN :: . /home/st/edu_clng/.d/.osdn/ora_c.pts/.frm.14.v2/gig_dr.sh /home/st/edu_clng/.d/.osdn/ora_c.pts/005_bit/001_mask 001_mask.c 
#DATE :: Сб 20 июн 2026 16:06:31 +07
#SGN :: . /home/st/edu_clng/.d/.osdn/ora_c.pts/.frm.14.v2/gig_dr.sh /home/st/edu_clng/.d/.osdn/ora_c.pts/005_bit/002_opr 002_opr.c 
