#DATE :: Вс 14 июн 2026 16:48:35 +07
#SGN :: . /home/st/edu_clng/.d/.osdn/ora_c.pts/.frm.14/gig_dr.sh /home/st/edu_clng/.d/.osdn/ora_c.pts/001_args/001_first_arg 001_first_arg.c 
#DATE :: Вс 14 июн 2026 17:48:32 +07
#SGN :: . /home/st/edu_clng/.d/.osdn/ora_c.pts/.frm.14/gig_dr.sh /home/st/edu_clng/.d/.osdn/ora_c.pts/001_args/002_arg_is_int 002_arg_is_int.c 
#DATE :: Вс 14 июн 2026 20:10:50 +07
#SGN :: . /home/st/edu_clng/.d/.osdn/ora_c.pts/.frm.14/gig_dr.sh /home/st/edu_clng/.d/.osdn/ora_c.pts/001_args/003_tmp 003_tmp.c 
#DATE :: Вс 14 июн 2026 20:13:06 +07
#SGN :: . /home/st/edu_clng/.d/.osdn/ora_c.pts/.frm.14/gig_dr.sh /home/st/edu_clng/.d/.osdn/ora_c.pts/001_args/002_arg_is_int 002_arg_is_int.c 
#DATE :: Вс 14 июн 2026 20:14:53 +07
#SGN :: . /home/st/edu_clng/.d/.osdn/ora_c.pts/.frm.14/gig_dr.sh /home/st/edu_clng/.d/.osdn/ora_c.pts/001_args/002_arg_is_int 002_arg_is_int.c 
#DATE :: Вс 28 июн 2026 18:16:05 +07
#SGN :: . /home/st/edu_clng/.d/.osdn/ora_c.pts/.frm.14/gig_dr.sh /home/st/edu_clng/.d/.osdn/ora_c.pts/007_R_primat_org/001_io_2_v3 001_io_2_v3.c 
#DATE :: Вс 28 июн 2026 20:04:42 +07
#SGN :: . /home/st/edu_clng/.d/.osdn/ora_c.pts/.frm.14/gig_dr.sh /home/st/edu_clng/.d/.osdn/ora_c.pts/007_R_primat_org/001_io_2_v3 001_io_2_v3.c 
