# валерий лесин cpp
# евгений линский cpp

! first https://www.youtube.com/playlist?list=PL5hxfU7iakhuz6N1fSHdh7J8iwLOk9ssv
https://www.youtube.com/playlist?list=PL-_cKNuVAYAWx8lq9HICEj4Km01V_ZV6h
https://www.youtube.com/playlist?list=PL-_cKNuVAYAXX8iBQ0SEERsEQOF_bR0IW
    - https://www.youtube.com/watch?v=54d_ugm9vEM 

https://www.youtube.com/playlist?list=PLlb7e2G7aSpTFea2FYxp7mFfbZW-xavhL

начало https://www.youtube.com/playlist?list=PLrCZzMib1e9qjGLjg83bCksf3N7FIy7jg

https://www.youtube.com/playlist?list=PL4_hYwCyhAvZaNhzZ_Zyj4jyaHYBXbdHp
https://www.youtube.com/playlist?list=PLlb7e2G7aSpQQWIFH4vHEN2gRaBlhwhkw
https://www.youtube.com/playlist?list=PLA0M1Bcd0w8ye84Jmv9yaI5eRTCBTcePE
https://www.youtube.com/playlist?list=PLbmlzoDQrXVFC13GjpPrJxl6mzTiX65gs

1 и 2 курс

https://www.youtube.com/playlist?list=PLlb7e2G7aSpQQWIFH4vHEN2gRaBlhwhkw
https://www.youtube.com/playlist?list=PLlb7e2G7aSpQJpe8sWD2kIQ51Lx74H2FH

хирьянов си https://www.youtube.com/playlist?list=PLRDzFCPr95fLjzcv6nNdjMu_9RcZgIM9U


https://www.youtube.com/@SimpleCodeIT/courses

https://compscicenter.ru/courses/cpp-1/2018-autumn/classes/3993/

владимиров

https://www.youtube.com/@tilir/courses

!!! линский е.м.
https://www.youtube.com/playlist?list=PL0svEVtUvr2wzOGwf8gKXAV1YC71AmAYi
https://www.youtube.com/@evgeny.linsky/courses
https://www.youtube.com/playlist?list=PLaYBmwKiVzBKwgswJQAnHlJdQVLKuAvyQ
https://www.youtube.com/playlist?list=PLaYBmwKiVzBKk2rLxhenQ5IL_Ub6W8J8V

!!! selfedu clang
https://proproprogs.ru/c_lang